// Jest Snapshot v1, https://goo.gl/fbAQLP

exports[`<Filter /> shallow() 1`] = `
<Styled(styled.div)>
  <Styled(styled.div)
    data-selected={true}
    key="day"
  >
    <styled.label
      htmlFor="day"
    >
      day
    </styled.label>
    <styled.div
      display="none"
    >
      <input
        checked={true}
        id="day"
        name="filter"
        onChange={[Function]}
        type="radio"
        value="day"
      />
    </styled.div>
  </Styled(styled.div)>
  <Styled(styled.div)
    data-selected={false}
    key="week"
  >
    <styled.label
      htmlFor="week"
    >
      week
    </styled.label>
    <styled.div
      display="none"
    >
      <input
        checked={false}
        id="week"
        name="filter"
        onChange={[Function]}
        type="radio"
        value="week"
      />
    </styled.div>
  </Styled(styled.div)>
  <Styled(styled.div)
    data-selected={false}
    key="month"
  >
    <styled.label
      htmlFor="month"
    >
      month
    </styled.label>
    <styled.div
      display="none"
    >
      <input
        checked={false}
        id="month"
        name="filter"
        onChange={[Function]}
        type="radio"
        value="month"
      />
    </styled.div>
  </Styled(styled.div)>
  <Styled(styled.div)
    data-selected={false}
    key="year"
  >
    <styled.label
      htmlFor="year"
    >
      year
    </styled.label>
    <styled.div
      display="none"
    >
      <input
        checked={false}
        id="year"
        name="filter"
        onChange={[Function]}
        type="radio"
        value="year"
      />
    </styled.div>
  </Styled(styled.div)>
</Styled(styled.div)>
`;

exports[`<Filter /> should call onChange and update state 1`] = `
<Styled(styled.div)>
  <Styled(styled.div)
    data-selected={false}
    key="day"
  >
    <styled.label
      htmlFor="day"
    >
      day
    </styled.label>
    <styled.div
      display="none"
    >
      <input
        checked={false}
        id="day"
        name="filter"
        onChange={[Function]}
        type="radio"
        value="day"
      />
    </styled.div>
  </Styled(styled.div)>
  <Styled(styled.div)
    data-selected={true}
    key="week"
  >
    <styled.label
      htmlFor="week"
    >
      week
    </styled.label>
    <styled.div
      display="none"
    >
      <input
        checked={true}
        id="week"
        name="filter"
        onChange={[Function]}
        type="radio"
        value="week"
      />
    </styled.div>
  </Styled(styled.div)>
  <Styled(styled.div)
    data-selected={false}
    key="month"
  >
    <styled.label
      htmlFor="month"
    >
      month
    </styled.label>
    <styled.div
      display="none"
    >
      <input
        checked={false}
        id="month"
        name="filter"
        onChange={[Function]}
        type="radio"
        value="month"
      />
    </styled.div>
  </Styled(styled.div)>
  <Styled(styled.div)
    data-selected={false}
    key="year"
  >
    <styled.label
      htmlFor="year"
    >
      year
    </styled.label>
    <styled.div
      display="none"
    >
      <input
        checked={false}
        id="year"
        name="filter"
        onChange={[Function]}
        type="radio"
        value="year"
      />
    </styled.div>
  </Styled(styled.div)>
</Styled(styled.div)>
`;
